collection: ratings_measures
field: approved
type: boolean
meta:
  collection: ratings_measures
  conditions: null
  display: null
  display_options: null
  field: approved
  group: null
  hidden: true
  interface: boolean
  note: null
  options: null
  readonly: false
  required: true
  sort: 17
  special:
    - cast-boolean
  translations:
    - language: de-DE
      translation: Genehmigt
  validation: null
  validation_message: null
  width: full
schema:
  name: approved
  table: ratings_measures
  data_type: boolean
  default_value: true
  max_length: null
  numeric_precision: null
  numeric_scale: null
  is_nullable: true
  is_unique: false
  is_primary_key: false
  is_generated: false
  generation_expression: null
  has_auto_increment: false
  foreign_key_table: null
  foreign_key_column: null
